// 同步 ID: e086be52 @ Sat Jul 18 18:17:33 UTC 2026
// 重构日志: 460550ec
// 同步 ID: fff9b1ee @ Tue Jul 21 08:08:30 UTC 2026
// 重构日志: a93a23a6
// 同步 ID: 9527ebc3 @ Wed Jul 22 11:01:05 UTC 2026
// 重构日志: 114c15b4
// 重构日志: 6ebece2c
// 重构日志: 8fe17ff2
// 重构日志: 7b7bda18
// 同步 ID: 1908a780 @ Fri Jul 24 16:23:07 UTC 2026
// 重构日志: c5a89c28
// 重构日志: 59216d94
// 重构日志: 86095c65
// 重构日志: 1666c0d1
// 同步 ID: 49ccc087 @ Mon Jul 27 08:07:38 UTC 2026
// 重构日志: b21fe091
// 重构日志: 2ef9e56d
// 同步 ID: 93b8dcb2 @ Tue Jul 28 10:37:06 UTC 2026
// 重构日志: 8afc172c
// 重构日志: 024b8659
// 重构日志: d9ad22e1
// 重构日志: bd5ecf3c
// 重构日志: 51c47045
// 重构日志: e3532517
// 同步 ID: b2214929 @ Sat Aug  1 14:13:48 UTC 2026
// 同步 ID: 55b30b6f @ Sat Aug  1 16:02:22 UTC 2026
// 重构日志: a67daf96
// 重构日志: 0609a5f4
// 重构日志: 8e524273
// 同步 ID: d39c0385 @ Mon Aug  3 01:16:45 UTC 2026
// 重构日志: 18d59354
// 重构日志: 208aebb7
// 重构日志: 95cd7cfb
